
> temp_app@0.1.0 build
> next build

node.exe : ΓÜá `eslint` 
configuration in 
next.config.ts is no 
longer supported. See more 
info here: https://nextjs.o
rg/docs/app/api-reference/c
li/next#next-lint-options
At C:\Program 
Files\nodejs\npm.ps1:29 
char:3
+   & $NODE_EXE 
$NPM_CLI_JS $args
+   ~~~~~~~~~~~~~~~~~~~~~~~
~~~~~~
    + CategoryInfo         
     : NotSpecified: (ΓÜá  
   `eslint` co...xt-lint   
 -options:String) [], R    
emoteException
    + FullyQualifiedErrorI 
   d : NativeCommandError
 
ΓÜá Invalid next.config.ts 
options detected: 
ΓÜá     Unrecognized 
key(s) in object: 'eslint'
ΓÜá See more info here: htt
ps://nextjs.org/docs/messag
es/invalid-next-config
Γû▓ Next.js 16.2.2 (Turbopack)

  Creating an optimized production build ...

> Build error occurred
Error: Turbopack build 
failed with 1 errors:
./src/app/map/page.tsx:5:1
Module not found: Can't 
resolve 
'@capacitor/geolocation'
  [90m3 |[0m 
[36mimport[0m { 
useState, useEffect } 
[36mfrom[0m 
[32m'react'[0m;
  [90m4 |[0m 
[36mimport[0m 
[33mLink[0m 
[36mfrom[0m 
[32m'next/link'[0m;
[31m[1m>[0m [90m5 
|[0m [36mimport[0m { 
[33mGeolocation[0m } 
[36mfrom[0m [32m'@capaci
tor/geolocation'[0m;
  [90m  |[0m [31m[1m^^^
^^^^^^^^^^^^^^^^^^^^^^^^^^^
^^^^^^^^^^^^^^^^^^^^^^^[0m
  [90m6 |[0m 
[36mimport[0m { 
useCommunity } 
[36mfrom[0m [32m'@/hooks
/useCommunity'[0m;
  [90m7 |[0m 
[36mimport[0m { 
[33mMap[0m [36mas[0m 
[33mMapIcon[0m, 
[33mNavigation[0m, 
[33mPlus[0m, 
[33mUsers[0m, 
[33mCalendar[0m, 
[33mMapPin[0m, 
[33mSearch[0m, 
[33mFilter[0m } 
[36mfrom[0m [32m'...[0m
  [90m8 |[0m



Import traces:
  Client Component Browser:
    ./src/app/map/page.tsx 
[Client Component Browser]
    ./src/app/map/page.tsx 
[Server Component]

  Client Component SSR:
    ./src/app/map/page.tsx 
[Client Component SSR]
    ./src/app/map/page.tsx 
[Server Component]

https://nextjs.org/docs/mes
sages/module-not-found


    at <unknown> (./src/app
/map/page.tsx:5:1)
    at <unknown> (https://n
extjs.org/docs/messages/mod
ule-not-found)
